Traceback (most recent call last):
  File "/home/jed/cu/nc-25f/class/VENV/lib/python3.13/site-packages/jupyter_core/utils/__init__.py", line 154, in wrapped
    asyncio.get_running_loop()
    ~~~~~~~~~~~~~~~~~~~~~~~~^^
RuntimeError: no running event loop

During handling of the above exception, another exception occurred:

Traceback (most recent call last):
  File "/home/jed/cu/nc-25f/class/VENV/lib/python3.13/site-packages/jupyter_cache/executors/utils.py", line 58, in single_nb_execution
    executenb(
    ~~~~~~~~~^
        nb,
        ^^^
    ...<4 lines>...
        **kwargs,
        ^^^^^^^^^
    )
    ^
  File "/home/jed/cu/nc-25f/class/VENV/lib/python3.13/site-packages/nbclient/client.py", line 1319, in execute
    return NotebookClient(nb=nb, resources=resources, km=km, **kwargs).execute()
           ~~~~~~~~~~~~~~~~~~~~~~~~~~~~~~~~~~~~~~~~~~~~~~~~~~~~~~~~~~~~~~~~~~~^^
  File "/home/jed/cu/nc-25f/class/VENV/lib/python3.13/site-packages/jupyter_core/utils/__init__.py", line 158, in wrapped
    return loop.run_until_complete(inner)
           ~~~~~~~~~~~~~~~~~~~~~~~^^^^^^^
  File "/usr/lib/python3.13/asyncio/base_events.py", line 725, in run_until_complete
    return future.result()
           ~~~~~~~~~~~~~^^
  File "/home/jed/cu/nc-25f/class/VENV/lib/python3.13/site-packages/nbclient/client.py", line 709, in async_execute
    await self.async_execute_cell(
        cell, index, execution_count=self.code_cells_executed + 1
    )
  File "/home/jed/cu/nc-25f/class/VENV/lib/python3.13/site-packages/nbclient/client.py", line 1062, in async_execute_cell
    await self._check_raise_for_error(cell, cell_index, exec_reply)
  File "/home/jed/cu/nc-25f/class/VENV/lib/python3.13/site-packages/nbclient/client.py", line 918, in _check_raise_for_error
    raise CellExecutionError.from_cell_and_msg(cell, exec_reply_content)
nbclient.exceptions.CellExecutionError: An error occurred while executing the following cell:
------------------
A = rand(4, 4)
B = A' * A - A * A'
@show B
det(A)
------------------

----- stdout -----
B = [0.9132297731692122 0.0010726482551777217 0.13802717430475053 0.01154044451660452; 0.0010726482551777217 -0.4503110479198776 -0.16293221956934384 -0.5049870295823584; 0.13802717430475053 -0.16293221956934384 0.17613378385601208 0.20340359520324913; 0.01154044451660452 -0.5049870295823584 0.20340359520324913 -0.6390525091053464]
----- stdout -----

------------------

UndefVarError: `det` not defined in `Main`
Suggestion: check for spelling errors or missing imports.
Hint: a global variable of this name may be made accessible by importing LinearAlgebra in the current active module Main

Stacktrace:
 [1] top-level scope
   @ In[20]:4

