Traceback (most recent call last):
  File "/home/jed/cu/nc-25f/class/VENV/lib/python3.13/site-packages/jupyter_core/utils/__init__.py", line 154, in wrapped
    asyncio.get_running_loop()
    ~~~~~~~~~~~~~~~~~~~~~~~~^^
RuntimeError: no running event loop

During handling of the above exception, another exception occurred:

Traceback (most recent call last):
  File "/home/jed/cu/nc-25f/class/VENV/lib/python3.13/site-packages/jupyter_cache/executors/utils.py", line 58, in single_nb_execution
    executenb(
    ~~~~~~~~~^
        nb,
        ^^^
    ...<4 lines>...
        **kwargs,
        ^^^^^^^^^
    )
    ^
  File "/home/jed/cu/nc-25f/class/VENV/lib/python3.13/site-packages/nbclient/client.py", line 1319, in execute
    return NotebookClient(nb=nb, resources=resources, km=km, **kwargs).execute()
           ~~~~~~~~~~~~~~~~~~~~~~~~~~~~~~~~~~~~~~~~~~~~~~~~~~~~~~~~~~~~~~~~~~~^^
  File "/home/jed/cu/nc-25f/class/VENV/lib/python3.13/site-packages/jupyter_core/utils/__init__.py", line 158, in wrapped
    return loop.run_until_complete(inner)
           ~~~~~~~~~~~~~~~~~~~~~~~^^^^^^^
  File "/usr/lib/python3.13/asyncio/base_events.py", line 725, in run_until_complete
    return future.result()
           ~~~~~~~~~~~~~^^
  File "/home/jed/cu/nc-25f/class/VENV/lib/python3.13/site-packages/nbclient/client.py", line 709, in async_execute
    await self.async_execute_cell(
        cell, index, execution_count=self.code_cells_executed + 1
    )
  File "/home/jed/cu/nc-25f/class/VENV/lib/python3.13/site-packages/nbclient/client.py", line 1062, in async_execute_cell
    await self._check_raise_for_error(cell, cell_index, exec_reply)
  File "/home/jed/cu/nc-25f/class/VENV/lib/python3.13/site-packages/nbclient/client.py", line 918, in _check_raise_for_error
    raise CellExecutionError.from_cell_and_msg(cell, exec_reply_content)
nbclient.exceptions.CellExecutionError: An error occurred while executing the following cell:
------------------
plot_stability(z -> rk_eff_stability(z, rk4), "RK4", xlims=(-2, 2), ylims=(-2, 2))
------------------


MethodError: no method matching plot_stability(::var"#39#40", ::String; xlims::Tuple{Int64, Int64}, ylims::Tuple{Int64, Int64})
This error has been manually thrown, explicitly, so the method may exist but be intentionally marked as unimplemented.

[0mClosest candidates are:
[0m  plot_stability(::Any, ::Any; xlim, ylim)[91m got unsupported keyword arguments "xlims", "ylims"[39m
[0m[90m   @[39m [35mMain[39m [90m[4mIn[1]:6[24m[39m


Stacktrace:
 [1] [0m[1mkwerr[22m[0m[1m([22m::[0m@NamedTuple[90m{xlims::Tuple{Int64, Int64}, ylims::Tuple{Int64, Int64}}[39m, ::[0mFunction, ::[0mFunction, ::[0mString[0m[1m)[22m
[90m   @[39m [90mBase[39m [90m./[39m[90m[4merror.jl:165[24m[39m
 [2] top-level scope
[90m   @[39m [90m[4mIn[25]:1[24m[39m

